// Jest Snapshot v1, https://goo.gl/fbAQLP

exports[`snapshots should render the app correctly 1`] = `
ShallowWrapper {
  "length": 1,
  Symbol(enzyme.__root__): [Circular],
  Symbol(enzyme.__unrendered__): <App />,
  Symbol(enzyme.__renderer__): Object {
    "batchedUpdates": [Function],
    "getNode": [Function],
    "render": [Function],
    "simulateEvent": [Function],
    "unmount": [Function],
  },
  Symbol(enzyme.__node__): Object {
    "instance": null,
    "key": undefined,
    "nodeType": "host",
    "props": Object {
      "children": Array [
        <div
          className="question"
>
          <input
                    placeholder="What is your question?"
                    type="text"
          />
          <button
                    onClick={[Function]}
                    type="submit"
          >
                    Ask God!
          </button>
</div>,
        null,
      ],
    },
    "ref": null,
    "rendered": Array [
      Object {
        "instance": null,
        "key": undefined,
        "nodeType": "host",
        "props": Object {
          "children": Array [
            <input
              placeholder="What is your question?"
              type="text"
/>,
            <button
              onClick={[Function]}
              type="submit"
>
              Ask God!
</button>,
          ],
          "className": "question",
        },
        "ref": null,
        "rendered": Array [
          Object {
            "instance": null,
            "key": undefined,
            "nodeType": "host",
            "props": Object {
              "placeholder": "What is your question?",
              "type": "text",
            },
            "ref": null,
            "rendered": null,
            "type": "input",
          },
          Object {
            "instance": null,
            "key": undefined,
            "nodeType": "host",
            "props": Object {
              "children": "Ask God!",
              "onClick": [Function],
              "type": "submit",
            },
            "ref": null,
            "rendered": "Ask God!",
            "type": "button",
          },
        ],
        "type": "div",
      },
      null,
    ],
    "type": "div",
  },
  Symbol(enzyme.__nodes__): Array [
    Object {
      "instance": null,
      "key": undefined,
      "nodeType": "host",
      "props": Object {
        "children": Array [
          <div
            className="question"
>
            <input
                        placeholder="What is your question?"
                        type="text"
            />
            <button
                        onClick={[Function]}
                        type="submit"
            >
                        Ask God!
            </button>
</div>,
          null,
        ],
      },
      "ref": null,
      "rendered": Array [
        Object {
          "instance": null,
          "key": undefined,
          "nodeType": "host",
          "props": Object {
            "children": Array [
              <input
                placeholder="What is your question?"
                type="text"
/>,
              <button
                onClick={[Function]}
                type="submit"
>
                Ask God!
</button>,
            ],
            "className": "question",
          },
          "ref": null,
          "rendered": Array [
            Object {
              "instance": null,
              "key": undefined,
              "nodeType": "host",
              "props": Object {
                "placeholder": "What is your question?",
                "type": "text",
              },
              "ref": null,
              "rendered": null,
              "type": "input",
            },
            Object {
              "instance": null,
              "key": undefined,
              "nodeType": "host",
              "props": Object {
                "children": "Ask God!",
                "onClick": [Function],
                "type": "submit",
              },
              "ref": null,
              "rendered": "Ask God!",
              "type": "button",
            },
          ],
          "type": "div",
        },
        null,
      ],
      "type": "div",
    },
  ],
  Symbol(enzyme.__options__): Object {
    "adapter": ReactSixteenAdapter {
      "options": Object {
        "enableComponentDidUpdateOnSetState": true,
      },
    },
  },
}
`;
